2026-10-02T22:06:34 R1 run 1
2026-10-02T22:09:08 R0 run 1
2026-10-02T22:09:48 R1 run 2
2026-10-02T22:10:07 R1 run 3
2026-10-02T22:10:27 R1 run 4
2026-10-02T22:11:01 R2 run 1
2026-10-02T22:11:18 R2 run 2
2026-10-02T22:11:36 R2 run 3
2026-10-02T22:12:06 R3 run 1
2026-10-02T22:12:29 R3 run 2
2026-10-02T22:12:51 R3 run 3
2026-10-02T22:13:16 R4 run 1
2026-10-02T22:13:38 R4 run 2
2026-10-02T22:14:01 R4 run 3
2026-10-02T22:15:36 P1_R1_transparent_probe run 1
2026-10-02T22:15:44 P2_R1_clean_close run 1
2026-10-02T22:16:19 P3_R1_resume_delay1.6 run 1
2026-10-02T22:36:48 N1 run 1
2026-10-02T22:41:07 N1 run 2
2026-10-02T22:43:56 N1 run 3
2026-10-02T22:46:57 N2 run 1
2026-10-02T22:48:12 N2 run 2
2026-10-02T22:49:26 N2 run 3
2026-10-02T22:50:43 N3 run 1
2026-10-02T22:51:33 N3 run 2
2026-10-02T22:53:09 P4_N1_long_freeze run 1
2026-10-03T07:56:40 B1 run 1
2026-10-03T08:11:46 B1 run 2
2026-10-03T08:26:51 B1 run 3
2026-10-03T08:41:58 B2 run 1
2026-10-03T08:57:38 B2 run 2
2026-10-03T09:13:14 B3 run 1
2026-10-03T11:38:40 BR1 run 1
2026-10-03T11:39:13 BR1 run 2
2026-10-03T11:39:35 BR1 run 3
2026-10-03T11:39:58 BR1 run 4
2026-10-03T11:40:25 BR2 run 1
2026-10-03T11:40:53 BR2 run 2
2026-10-03T11:41:20 BR2 run 3
2026-10-03T11:42:58 BR1_nonote run 1
2026-10-03T11:43:20 BR1_nonote run 2
2026-10-03T11:43:53 BR0 run 1
2026-10-03T11:45:01 BR0 run 2
